============================================================
TEST 1: Text Normalization & N-gram Generation
============================================================
  normalize: "Risk Management & Portfolio Optimization!"
         -> "risk management portfolio optimization"
  ngrams("lean supply chain"): ['lean supply chain', 'lean supply', 'supply chain', 'lean', 'supply', 'chain']

============================================================
TEST 2: Domain Entity Maps
============================================================
  Supported domains: ['finance', 'manufacturing']
  Finance entities: 40
  Manufacturing entities: 40
  Finance categories: ['compliance', 'financial_instruments', 'market_analysis', 'risk_management', 'valuation']
  Manufacturing categories: ['industry_4_0', 'lean_manufacturing', 'production_management', 'quality_control', 'supply_chain']

============================================================
TEST 3: Finance Entity Extraction
============================================================
  Matched: 8/40
    [1.0] regulatory compliance          (matched: "regulatory compliance")
    [1.0] risk management                (matched: "risk management")
    [0.9] discounted cash flow           (matched: "dcf analysis")
    [0.9] market risk                    (matched: "market risk")
    [0.9] return on investment           (matched: "roi")
    [0.7] hedging                        (matched: "hedging")
    [0.7] know your customer             (matched: "kyc")
    [0.6] stress testing                 (matched: "stress testing")

============================================================
TEST 4: Manufacturing Entity Extraction
============================================================
  Matched: 10/40
    [1.0] lean manufacturing                  (matched: "lean manufacturing")
    [1.0] quality control                     (matched: "quality control")
    [1.0] supply chain management             (matched: "supply chain management")
    [0.9] internet of things                  (matched: "iot")
    [0.9] just in time                        (matched: "just in time")
    [0.9] six sigma                           (matched: "six sigma")
    [0.8] overall equipment effectiveness     (matched: "oee")
    [0.7] kanban                              (matched: "kanban")
    [0.7] predictive maintenance              (matched: "predictive maintenance")
    [0.6] downtime                            (matched: "equipment downtime")

============================================================
TEST 5: Alias Resolution
============================================================
  Input: 'ROI', 'DCF', 'NPV', 'WACC' (all abbreviations)
  Matched: 4 entities
    'dcf model' -> canonical: 'discounted cash flow'
    'roi' -> canonical: 'return on investment'
    'npv' -> canonical: 'net present value'
    'wacc' -> canonical: 'weighted average cost of capital'

============================================================
ALL TESTS PASSED
============================================================
